[0.009s] Invoking command in '/home/river/carto_ws/build/carto_mapping': CMAKE_PREFIX_PATH=/opt/ros/humble /usr/bin/cmake /home/river/carto_ws/src/carto_mapping -DCMAKE_INSTALL_PREFIX=/home/river/carto_ws/install/carto_mapping
[0.103s] -- The C compiler identification is GNU 11.4.0
[0.177s] -- The CXX compiler identification is GNU 11.4.0
[0.185s] -- Detecting C compiler ABI info
[0.251s] -- Detecting C compiler ABI info - done
[0.256s] -- Check for working C compiler: /usr/bin/cc - skipped
[0.256s] -- Detecting C compile features
[0.257s] -- Detecting C compile features - done
[0.259s] -- Detecting CXX compiler ABI info
[0.329s] -- Detecting CXX compiler ABI info - done
[0.335s] -- Check for working CXX compiler: /usr/bin/c++ - skipped
[0.335s] -- Detecting CXX compile features
[0.335s] -- Detecting CXX compile features - done
[0.341s] -- Found ament_cmake: 1.3.11 (/opt/ros/humble/share/ament_cmake/cmake)
[0.485s] -- Found Python3: /usr/bin/python3 (found version "3.10.12") found components: Interpreter 
[0.566s] -- Found ament_lint_auto: 0.12.11 (/opt/ros/humble/share/ament_lint_auto/cmake)
[0.626s] -- Added test 'flake8' to check Python code syntax and style conventions
[0.626s] -- Added test 'lint_cmake' to check CMake code style
[0.627s] -- Added test 'pep257' to check Python code against some of the docstring style conventions in PEP 257
[0.627s] -- Added test 'xmllint' to check XML markup files
[0.628s] -- Configuring done
[0.630s] -- Generating done
[0.631s] -- Build files have been written to: /home/river/carto_ws/build/carto_mapping
[0.635s] Invoked command in '/home/river/carto_ws/build/carto_mapping' returned '0': CMAKE_PREFIX_PATH=/opt/ros/humble /usr/bin/cmake /home/river/carto_ws/src/carto_mapping -DCMAKE_INSTALL_PREFIX=/home/river/carto_ws/install/carto_mapping
[0.636s] Invoking command in '/home/river/carto_ws/build/carto_mapping': CMAKE_PREFIX_PATH=/opt/ros/humble /usr/bin/cmake --build /home/river/carto_ws/build/carto_mapping -- -j32 -l32
[0.670s] Invoked command in '/home/river/carto_ws/build/carto_mapping' returned '0': CMAKE_PREFIX_PATH=/opt/ros/humble /usr/bin/cmake --build /home/river/carto_ws/build/carto_mapping -- -j32 -l32
[0.678s] Invoking command in '/home/river/carto_ws/build/carto_mapping': CMAKE_PREFIX_PATH=/opt/ros/humble /usr/bin/cmake --install /home/river/carto_ws/build/carto_mapping
[0.683s] -- Install configuration: ""
[0.684s] -- Installing: /home/river/carto_ws/install/carto_mapping/share/carto_mapping/config
[0.684s] -- Installing: /home/river/carto_ws/install/carto_mapping/share/carto_mapping/config/cartographer_2d.lua
[0.684s] -- Installing: /home/river/carto_ws/install/carto_mapping/share/carto_mapping/launch
[0.684s] -- Installing: /home/river/carto_ws/install/carto_mapping/share/carto_mapping/launch/cartographer.launch.py
[0.684s] -- Installing: /home/river/carto_ws/install/carto_mapping/share/ament_index/resource_index/package_run_dependencies/carto_mapping
[0.684s] -- Installing: /home/river/carto_ws/install/carto_mapping/share/ament_index/resource_index/parent_prefix_path/carto_mapping
[0.684s] -- Installing: /home/river/carto_ws/install/carto_mapping/share/carto_mapping/environment/ament_prefix_path.sh
[0.684s] -- Installing: /home/river/carto_ws/install/carto_mapping/share/carto_mapping/environment/ament_prefix_path.dsv
[0.684s] -- Installing: /home/river/carto_ws/install/carto_mapping/share/carto_mapping/environment/path.sh
[0.684s] -- Installing: /home/river/carto_ws/install/carto_mapping/share/carto_mapping/environment/path.dsv
[0.684s] -- Installing: /home/river/carto_ws/install/carto_mapping/share/carto_mapping/local_setup.bash
[0.684s] -- Installing: /home/river/carto_ws/install/carto_mapping/share/carto_mapping/local_setup.sh
[0.684s] -- Installing: /home/river/carto_ws/install/carto_mapping/share/carto_mapping/local_setup.zsh
[0.684s] -- Installing: /home/river/carto_ws/install/carto_mapping/share/carto_mapping/local_setup.dsv
[0.685s] -- Installing: /home/river/carto_ws/install/carto_mapping/share/carto_mapping/package.dsv
[0.685s] -- Installing: /home/river/carto_ws/install/carto_mapping/share/ament_index/resource_index/packages/carto_mapping
[0.685s] -- Installing: /home/river/carto_ws/install/carto_mapping/share/carto_mapping/cmake/carto_mappingConfig.cmake
[0.685s] -- Installing: /home/river/carto_ws/install/carto_mapping/share/carto_mapping/cmake/carto_mappingConfig-version.cmake
[0.685s] -- Installing: /home/river/carto_ws/install/carto_mapping/share/carto_mapping/package.xml
[0.686s] Invoked command in '/home/river/carto_ws/build/carto_mapping' returned '0': CMAKE_PREFIX_PATH=/opt/ros/humble /usr/bin/cmake --install /home/river/carto_ws/build/carto_mapping
