-- Install configuration: ""
-- Up-to-date: /home/river/carto_ws/install/carto_mapping/share/carto_mapping/config
-- Up-to-date: /home/river/carto_ws/install/carto_mapping/share/carto_mapping/config/cartographer_2d.lua
-- Up-to-date: /home/river/carto_ws/install/carto_mapping/share/carto_mapping/launch
-- Installing: /home/river/carto_ws/install/carto_mapping/share/carto_mapping/launch/cartographer.launch.py
-- Up-to-date: /home/river/carto_ws/install/carto_mapping/share/ament_index/resource_index/package_run_dependencies/carto_mapping
-- Up-to-date: /home/river/carto_ws/install/carto_mapping/share/ament_index/resource_index/parent_prefix_path/carto_mapping
-- Up-to-date: /home/river/carto_ws/install/carto_mapping/share/carto_mapping/environment/ament_prefix_path.sh
-- Up-to-date: /home/river/carto_ws/install/carto_mapping/share/carto_mapping/environment/ament_prefix_path.dsv
-- Up-to-date: /home/river/carto_ws/install/carto_mapping/share/carto_mapping/environment/path.sh
-- Up-to-date: /home/river/carto_ws/install/carto_mapping/share/carto_mapping/environment/path.dsv
-- Up-to-date: /home/river/carto_ws/install/carto_mapping/share/carto_mapping/local_setup.bash
-- Up-to-date: /home/river/carto_ws/install/carto_mapping/share/carto_mapping/local_setup.sh
-- Up-to-date: /home/river/carto_ws/install/carto_mapping/share/carto_mapping/local_setup.zsh
-- Up-to-date: /home/river/carto_ws/install/carto_mapping/share/carto_mapping/local_setup.dsv
-- Installing: /home/river/carto_ws/install/carto_mapping/share/carto_mapping/package.dsv
-- Up-to-date: /home/river/carto_ws/install/carto_mapping/share/ament_index/resource_index/packages/carto_mapping
-- Up-to-date: /home/river/carto_ws/install/carto_mapping/share/carto_mapping/cmake/carto_mappingConfig.cmake
-- Up-to-date: /home/river/carto_ws/install/carto_mapping/share/carto_mapping/cmake/carto_mappingConfig-version.cmake
-- Up-to-date: /home/river/carto_ws/install/carto_mapping/share/carto_mapping/package.xml
