[0.012s] Invoking command in '/home/river/carto_ws/build/fishbot_description': CMAKE_PREFIX_PATH=${CMAKE_PREFIX_PATH}:/opt/ros/humble /usr/bin/cmake --build /home/river/carto_ws/build/fishbot_description -- -j32 -l32
[0.066s] Invoked command in '/home/river/carto_ws/build/fishbot_description' returned '0': CMAKE_PREFIX_PATH=${CMAKE_PREFIX_PATH}:/opt/ros/humble /usr/bin/cmake --build /home/river/carto_ws/build/fishbot_description -- -j32 -l32
[0.069s] Invoking command in '/home/river/carto_ws/build/fishbot_description': CMAKE_PREFIX_PATH=${CMAKE_PREFIX_PATH}:/opt/ros/humble /usr/bin/cmake --install /home/river/carto_ws/build/fishbot_description
[0.081s] -- Install configuration: ""
[0.081s] -- Up-to-date: /home/river/carto_ws/install/fishbot_description/share/fishbot_description/launch
[0.082s] -- Up-to-date: /home/river/carto_ws/install/fishbot_description/share/fishbot_description/launch/gazebo_sim.launch.py
[0.082s] -- Up-to-date: /home/river/carto_ws/install/fishbot_description/share/fishbot_description/launch/display_robot.launch.py
[0.082s] -- Up-to-date: /home/river/carto_ws/install/fishbot_description/share/fishbot_description/urdf
[0.082s] -- Up-to-date: /home/river/carto_ws/install/fishbot_description/share/fishbot_description/urdf/first_robot.pdf
[0.082s] -- Up-to-date: /home/river/carto_ws/install/fishbot_description/share/fishbot_description/urdf/first_robot.urdf.xacro
[0.082s] -- Up-to-date: /home/river/carto_ws/install/fishbot_description/share/fishbot_description/urdf/first_robot.urdf
[0.083s] -- Up-to-date: /home/river/carto_ws/install/fishbot_description/share/fishbot_description/urdf/first_robot.gv
[0.083s] -- Up-to-date: /home/river/carto_ws/install/fishbot_description/share/fishbot_description/urdf/fishbot
[0.083s] -- Up-to-date: /home/river/carto_ws/install/fishbot_description/share/fishbot_description/urdf/fishbot/common_inertia.xacro
[0.083s] -- Up-to-date: /home/river/carto_ws/install/fishbot_description/share/fishbot_description/urdf/fishbot/plugins
[0.083s] -- Up-to-date: /home/river/carto_ws/install/fishbot_description/share/fishbot_description/urdf/fishbot/plugins/gazebo_sensor_plugin.xacro
[0.083s] -- Up-to-date: /home/river/carto_ws/install/fishbot_description/share/fishbot_description/urdf/fishbot/plugins/gazebo_control_plugin.xacro
[0.083s] -- Up-to-date: /home/river/carto_ws/install/fishbot_description/share/fishbot_description/urdf/fishbot/fishbot.urdf.xacro
[0.083s] -- Up-to-date: /home/river/carto_ws/install/fishbot_description/share/fishbot_description/urdf/fishbot/base.urdf.xacro
[0.083s] -- Up-to-date: /home/river/carto_ws/install/fishbot_description/share/fishbot_description/urdf/fishbot/actuator
[0.083s] -- Up-to-date: /home/river/carto_ws/install/fishbot_description/share/fishbot_description/urdf/fishbot/actuator/wheel.urdf.xacro
[0.083s] -- Up-to-date: /home/river/carto_ws/install/fishbot_description/share/fishbot_description/urdf/fishbot/actuator/caster.urdf.xacro
[0.083s] -- Up-to-date: /home/river/carto_ws/install/fishbot_description/share/fishbot_description/urdf/fishbot/fishbot.ros2_control.xacro
[0.083s] -- Up-to-date: /home/river/carto_ws/install/fishbot_description/share/fishbot_description/urdf/fishbot/sensor
[0.083s] -- Up-to-date: /home/river/carto_ws/install/fishbot_description/share/fishbot_description/urdf/fishbot/sensor/laser.urdf.xacro
[0.083s] -- Up-to-date: /home/river/carto_ws/install/fishbot_description/share/fishbot_description/urdf/fishbot/sensor/imu.urdf.xacro
[0.083s] -- Up-to-date: /home/river/carto_ws/install/fishbot_description/share/fishbot_description/urdf/fishbot/sensor/camera.urdf.xacro
[0.083s] -- Up-to-date: /home/river/carto_ws/install/fishbot_description/share/fishbot_description/config
[0.083s] -- Up-to-date: /home/river/carto_ws/install/fishbot_description/share/fishbot_description/config/rviz
[0.083s] -- Up-to-date: /home/river/carto_ws/install/fishbot_description/share/fishbot_description/config/rviz/slam.rviz
[0.083s] -- Up-to-date: /home/river/carto_ws/install/fishbot_description/share/fishbot_description/config/rviz/display_model.rviz
[0.083s] -- Up-to-date: /home/river/carto_ws/install/fishbot_description/share/fishbot_description/config/fishbot_ros2_controller.yaml
[0.084s] -- Up-to-date: /home/river/carto_ws/install/fishbot_description/share/fishbot_description/world
[0.084s] -- Up-to-date: /home/river/carto_ws/install/fishbot_description/share/fishbot_description/world/custom.world
[0.084s] -- Up-to-date: /home/river/carto_ws/install/fishbot_description/share/fishbot_description/world/room
[0.084s] -- Up-to-date: /home/river/carto_ws/install/fishbot_description/share/fishbot_description/world/room/model.config
[0.084s] -- Up-to-date: /home/river/carto_ws/install/fishbot_description/share/fishbot_description/world/room/model.sdf
[0.084s] -- Up-to-date: /home/river/carto_ws/install/fishbot_description/share/ament_index/resource_index/package_run_dependencies/fishbot_description
[0.084s] -- Up-to-date: /home/river/carto_ws/install/fishbot_description/share/ament_index/resource_index/parent_prefix_path/fishbot_description
[0.084s] -- Up-to-date: /home/river/carto_ws/install/fishbot_description/share/fishbot_description/environment/ament_prefix_path.sh
[0.084s] -- Up-to-date: /home/river/carto_ws/install/fishbot_description/share/fishbot_description/environment/ament_prefix_path.dsv
[0.084s] -- Up-to-date: /home/river/carto_ws/install/fishbot_description/share/fishbot_description/environment/path.sh
[0.084s] -- Up-to-date: /home/river/carto_ws/install/fishbot_description/share/fishbot_description/environment/path.dsv
[0.084s] -- Up-to-date: /home/river/carto_ws/install/fishbot_description/share/fishbot_description/local_setup.bash
[0.084s] -- Up-to-date: /home/river/carto_ws/install/fishbot_description/share/fishbot_description/local_setup.sh
[0.084s] -- Up-to-date: /home/river/carto_ws/install/fishbot_description/share/fishbot_description/local_setup.zsh
[0.084s] -- Up-to-date: /home/river/carto_ws/install/fishbot_description/share/fishbot_description/local_setup.dsv
[0.084s] -- Installing: /home/river/carto_ws/install/fishbot_description/share/fishbot_description/package.dsv
[0.084s] -- Up-to-date: /home/river/carto_ws/install/fishbot_description/share/ament_index/resource_index/packages/fishbot_description
[0.084s] -- Up-to-date: /home/river/carto_ws/install/fishbot_description/share/fishbot_description/cmake/fishbot_descriptionConfig.cmake
[0.084s] -- Up-to-date: /home/river/carto_ws/install/fishbot_description/share/fishbot_description/cmake/fishbot_descriptionConfig-version.cmake
[0.085s] -- Up-to-date: /home/river/carto_ws/install/fishbot_description/share/fishbot_description/package.xml
[0.097s] Invoked command in '/home/river/carto_ws/build/fishbot_description' returned '0': CMAKE_PREFIX_PATH=${CMAKE_PREFIX_PATH}:/opt/ros/humble /usr/bin/cmake --install /home/river/carto_ws/build/fishbot_description
